// Jest Snapshot v1, https://goo.gl/fbAQLP

exports[`Navigation render correctly 1`] = `
<Ruler>
  <div
    className="Ruler"
  >
    <div
      className="wrapper"
    >
      <div
        className="cm-horizontal"
        key="cm-horizontal-0"
      >
        <div
          className="mm-horizontal"
          key="mm-horizontal-0"
        />
        <div
          className="mm-horizontal"
          key="mm-horizontal-1"
        />
        <div
          className="mm-horizontal"
          key="mm-horizontal-2"
        />
        <div
          className="mm-horizontal"
          key="mm-horizontal-3"
        />
        <div
          className="mm-horizontal"
          key="mm-horizontal-4"
        />
        <div
          className="mm-horizontal"
          key="mm-horizontal-5"
        />
        <div
          className="mm-horizontal"
          key="mm-horizontal-6"
        />
        <div
          className="mm-horizontal"
          key="mm-horizontal-7"
        />
        <div
          className="mm-horizontal"
          key="mm-horizontal-8"
        />
      </div>
      <div
        className="cm-horizontal"
        key="cm-horizontal-1"
      >
        <div
          className="mm-horizontal"
          key="mm-horizontal-0"
        />
        <div
          className="mm-horizontal"
          key="mm-horizontal-1"
        />
        <div
          className="mm-horizontal"
          key="mm-horizontal-2"
        />
        <div
          className="mm-horizontal"
          key="mm-horizontal-3"
        />
        <div
          className="mm-horizontal"
          key="mm-horizontal-4"
        />
        <div
          className="mm-horizontal"
          key="mm-horizontal-5"
        />
        <div
          className="mm-horizontal"
          key="mm-horizontal-6"
        />
        <div
          className="mm-horizontal"
          key="mm-horizontal-7"
        />
        <div
          className="mm-horizontal"
          key="mm-horizontal-8"
        />
      </div>
      <div
        className="cm-horizontal"
        key="cm-horizontal-2"
      >
        <div
          className="mm-horizontal"
          key="mm-horizontal-0"
        />
        <div
          className="mm-horizontal"
          key="mm-horizontal-1"
        />
        <div
          className="mm-horizontal"
          key="mm-horizontal-2"
        />
        <div
          className="mm-horizontal"
          key="mm-horizontal-3"
        />
        <div
          className="mm-horizontal"
          key="mm-horizontal-4"
        />
        <div
          className="mm-horizontal"
          key="mm-horizontal-5"
        />
        <div
          className="mm-horizontal"
          key="mm-horizontal-6"
        />
        <div
          className="mm-horizontal"
          key="mm-horizontal-7"
        />
        <div
          className="mm-horizontal"
          key="mm-horizontal-8"
        />
      </div>
      <div
        className="cm-horizontal"
        key="cm-horizontal-3"
      >
        <div
          className="mm-horizontal"
          key="mm-horizontal-0"
        />
        <div
          className="mm-horizontal"
          key="mm-horizontal-1"
        />
        <div
          className="mm-horizontal"
          key="mm-horizontal-2"
        />
        <div
          className="mm-horizontal"
          key="mm-horizontal-3"
        />
        <div
          className="mm-horizontal"
          key="mm-horizontal-4"
        />
        <div
          className="mm-horizontal"
          key="mm-horizontal-5"
        />
        <div
          className="mm-horizontal"
          key="mm-horizontal-6"
        />
        <div
          className="mm-horizontal"
          key="mm-horizontal-7"
        />
        <div
          className="mm-horizontal"
          key="mm-horizontal-8"
        />
      </div>
      <div
        className="cm-horizontal"
        key="cm-horizontal-4"
      >
        <div
          className="mm-horizontal"
          key="mm-horizontal-0"
        />
        <div
          className="mm-horizontal"
          key="mm-horizontal-1"
        />
        <div
          className="mm-horizontal"
          key="mm-horizontal-2"
        />
        <div
          className="mm-horizontal"
          key="mm-horizontal-3"
        />
        <div
          className="mm-horizontal"
          key="mm-horizontal-4"
        />
        <div
          className="mm-horizontal"
          key="mm-horizontal-5"
        />
        <div
          className="mm-horizontal"
          key="mm-horizontal-6"
        />
        <div
          className="mm-horizontal"
          key="mm-horizontal-7"
        />
        <div
          className="mm-horizontal"
          key="mm-horizontal-8"
        />
      </div>
      <div
        className="cm-horizontal"
        key="cm-horizontal-5"
      >
        <div
          className="mm-horizontal"
          key="mm-horizontal-0"
        />
        <div
          className="mm-horizontal"
          key="mm-horizontal-1"
        />
        <div
          className="mm-horizontal"
          key="mm-horizontal-2"
        />
        <div
          className="mm-horizontal"
          key="mm-horizontal-3"
        />
        <div
          className="mm-horizontal"
          key="mm-horizontal-4"
        />
        <div
          className="mm-horizontal"
          key="mm-horizontal-5"
        />
        <div
          className="mm-horizontal"
          key="mm-horizontal-6"
        />
        <div
          className="mm-horizontal"
          key="mm-horizontal-7"
        />
        <div
          className="mm-horizontal"
          key="mm-horizontal-8"
        />
      </div>
      <div
        className="cm-horizontal"
        key="cm-horizontal-6"
      >
        <div
          className="mm-horizontal"
          key="mm-horizontal-0"
        />
        <div
          className="mm-horizontal"
          key="mm-horizontal-1"
        />
        <div
          className="mm-horizontal"
          key="mm-horizontal-2"
        />
        <div
          className="mm-horizontal"
          key="mm-horizontal-3"
        />
        <div
          className="mm-horizontal"
          key="mm-horizontal-4"
        />
        <div
          className="mm-horizontal"
          key="mm-horizontal-5"
        />
        <div
          className="mm-horizontal"
          key="mm-horizontal-6"
        />
        <div
          className="mm-horizontal"
          key="mm-horizontal-7"
        />
        <div
          className="mm-horizontal"
          key="mm-horizontal-8"
        />
      </div>
      <div
        className="cm-horizontal"
        key="cm-horizontal-7"
      >
        <div
          className="mm-horizontal"
          key="mm-horizontal-0"
        />
        <div
          className="mm-horizontal"
          key="mm-horizontal-1"
        />
        <div
          className="mm-horizontal"
          key="mm-horizontal-2"
        />
        <div
          className="mm-horizontal"
          key="mm-horizontal-3"
        />
        <div
          className="mm-horizontal"
          key="mm-horizontal-4"
        />
        <div
          className="mm-horizontal"
          key="mm-horizontal-5"
        />
        <div
          className="mm-horizontal"
          key="mm-horizontal-6"
        />
        <div
          className="mm-horizontal"
          key="mm-horizontal-7"
        />
        <div
          className="mm-horizontal"
          key="mm-horizontal-8"
        />
      </div>
      <div
        className="cm-horizontal"
        key="cm-horizontal-8"
      >
        <div
          className="mm-horizontal"
          key="mm-horizontal-0"
        />
        <div
          className="mm-horizontal"
          key="mm-horizontal-1"
        />
        <div
          className="mm-horizontal"
          key="mm-horizontal-2"
        />
        <div
          className="mm-horizontal"
          key="mm-horizontal-3"
        />
        <div
          className="mm-horizontal"
          key="mm-horizontal-4"
        />
        <div
          className="mm-horizontal"
          key="mm-horizontal-5"
        />
        <div
          className="mm-horizontal"
          key="mm-horizontal-6"
        />
        <div
          className="mm-horizontal"
          key="mm-horizontal-7"
        />
        <div
          className="mm-horizontal"
          key="mm-horizontal-8"
        />
      </div>
      <div
        className="cm-horizontal"
        key="cm-horizontal-9"
      >
        <div
          className="mm-horizontal"
          key="mm-horizontal-0"
        />
        <div
          className="mm-horizontal"
          key="mm-horizontal-1"
        />
        <div
          className="mm-horizontal"
          key="mm-horizontal-2"
        />
        <div
          className="mm-horizontal"
          key="mm-horizontal-3"
        />
        <div
          className="mm-horizontal"
          key="mm-horizontal-4"
        />
        <div
          className="mm-horizontal"
          key="mm-horizontal-5"
        />
        <div
          className="mm-horizontal"
          key="mm-horizontal-6"
        />
        <div
          className="mm-horizontal"
          key="mm-horizontal-7"
        />
        <div
          className="mm-horizontal"
          key="mm-horizontal-8"
        />
      </div>
    </div>
    <div
      className="wrapper"
    >
      <div
        className="cm-vertical"
        key="cm-vertical-0"
      >
        <div
          className="mm-vertical"
          key="mm-vertical-0"
        />
        <div
          className="mm-vertical"
          key="mm-vertical-1"
        />
        <div
          className="mm-vertical"
          key="mm-vertical-2"
        />
        <div
          className="mm-vertical"
          key="mm-vertical-3"
        />
        <div
          className="mm-vertical"
          key="mm-vertical-4"
        />
        <div
          className="mm-vertical"
          key="mm-vertical-5"
        />
        <div
          className="mm-vertical"
          key="mm-vertical-6"
        />
        <div
          className="mm-vertical"
          key="mm-vertical-7"
        />
        <div
          className="mm-vertical"
          key="mm-vertical-8"
        />
      </div>
      <div
        className="cm-vertical"
        key="cm-vertical-1"
      >
        <div
          className="mm-vertical"
          key="mm-vertical-0"
        />
        <div
          className="mm-vertical"
          key="mm-vertical-1"
        />
        <div
          className="mm-vertical"
          key="mm-vertical-2"
        />
        <div
          className="mm-vertical"
          key="mm-vertical-3"
        />
        <div
          className="mm-vertical"
          key="mm-vertical-4"
        />
        <div
          className="mm-vertical"
          key="mm-vertical-5"
        />
        <div
          className="mm-vertical"
          key="mm-vertical-6"
        />
        <div
          className="mm-vertical"
          key="mm-vertical-7"
        />
        <div
          className="mm-vertical"
          key="mm-vertical-8"
        />
      </div>
      <div
        className="cm-vertical"
        key="cm-vertical-2"
      >
        <div
          className="mm-vertical"
          key="mm-vertical-0"
        />
        <div
          className="mm-vertical"
          key="mm-vertical-1"
        />
        <div
          className="mm-vertical"
          key="mm-vertical-2"
        />
        <div
          className="mm-vertical"
          key="mm-vertical-3"
        />
        <div
          className="mm-vertical"
          key="mm-vertical-4"
        />
        <div
          className="mm-vertical"
          key="mm-vertical-5"
        />
        <div
          className="mm-vertical"
          key="mm-vertical-6"
        />
        <div
          className="mm-vertical"
          key="mm-vertical-7"
        />
        <div
          className="mm-vertical"
          key="mm-vertical-8"
        />
      </div>
      <div
        className="cm-vertical"
        key="cm-vertical-3"
      >
        <div
          className="mm-vertical"
          key="mm-vertical-0"
        />
        <div
          className="mm-vertical"
          key="mm-vertical-1"
        />
        <div
          className="mm-vertical"
          key="mm-vertical-2"
        />
        <div
          className="mm-vertical"
          key="mm-vertical-3"
        />
        <div
          className="mm-vertical"
          key="mm-vertical-4"
        />
        <div
          className="mm-vertical"
          key="mm-vertical-5"
        />
        <div
          className="mm-vertical"
          key="mm-vertical-6"
        />
        <div
          className="mm-vertical"
          key="mm-vertical-7"
        />
        <div
          className="mm-vertical"
          key="mm-vertical-8"
        />
      </div>
      <div
        className="cm-vertical"
        key="cm-vertical-4"
      >
        <div
          className="mm-vertical"
          key="mm-vertical-0"
        />
        <div
          className="mm-vertical"
          key="mm-vertical-1"
        />
        <div
          className="mm-vertical"
          key="mm-vertical-2"
        />
        <div
          className="mm-vertical"
          key="mm-vertical-3"
        />
        <div
          className="mm-vertical"
          key="mm-vertical-4"
        />
        <div
          className="mm-vertical"
          key="mm-vertical-5"
        />
        <div
          className="mm-vertical"
          key="mm-vertical-6"
        />
        <div
          className="mm-vertical"
          key="mm-vertical-7"
        />
        <div
          className="mm-vertical"
          key="mm-vertical-8"
        />
      </div>
      <div
        className="cm-vertical"
        key="cm-vertical-5"
      >
        <div
          className="mm-vertical"
          key="mm-vertical-0"
        />
        <div
          className="mm-vertical"
          key="mm-vertical-1"
        />
        <div
          className="mm-vertical"
          key="mm-vertical-2"
        />
        <div
          className="mm-vertical"
          key="mm-vertical-3"
        />
        <div
          className="mm-vertical"
          key="mm-vertical-4"
        />
        <div
          className="mm-vertical"
          key="mm-vertical-5"
        />
        <div
          className="mm-vertical"
          key="mm-vertical-6"
        />
        <div
          className="mm-vertical"
          key="mm-vertical-7"
        />
        <div
          className="mm-vertical"
          key="mm-vertical-8"
        />
      </div>
      <div
        className="cm-vertical"
        key="cm-vertical-6"
      >
        <div
          className="mm-vertical"
          key="mm-vertical-0"
        />
        <div
          className="mm-vertical"
          key="mm-vertical-1"
        />
        <div
          className="mm-vertical"
          key="mm-vertical-2"
        />
        <div
          className="mm-vertical"
          key="mm-vertical-3"
        />
        <div
          className="mm-vertical"
          key="mm-vertical-4"
        />
        <div
          className="mm-vertical"
          key="mm-vertical-5"
        />
        <div
          className="mm-vertical"
          key="mm-vertical-6"
        />
        <div
          className="mm-vertical"
          key="mm-vertical-7"
        />
        <div
          className="mm-vertical"
          key="mm-vertical-8"
        />
      </div>
      <div
        className="cm-vertical"
        key="cm-vertical-7"
      >
        <div
          className="mm-vertical"
          key="mm-vertical-0"
        />
        <div
          className="mm-vertical"
          key="mm-vertical-1"
        />
        <div
          className="mm-vertical"
          key="mm-vertical-2"
        />
        <div
          className="mm-vertical"
          key="mm-vertical-3"
        />
        <div
          className="mm-vertical"
          key="mm-vertical-4"
        />
        <div
          className="mm-vertical"
          key="mm-vertical-5"
        />
        <div
          className="mm-vertical"
          key="mm-vertical-6"
        />
        <div
          className="mm-vertical"
          key="mm-vertical-7"
        />
        <div
          className="mm-vertical"
          key="mm-vertical-8"
        />
      </div>
      <div
        className="cm-vertical"
        key="cm-vertical-8"
      >
        <div
          className="mm-vertical"
          key="mm-vertical-0"
        />
        <div
          className="mm-vertical"
          key="mm-vertical-1"
        />
        <div
          className="mm-vertical"
          key="mm-vertical-2"
        />
        <div
          className="mm-vertical"
          key="mm-vertical-3"
        />
        <div
          className="mm-vertical"
          key="mm-vertical-4"
        />
        <div
          className="mm-vertical"
          key="mm-vertical-5"
        />
        <div
          className="mm-vertical"
          key="mm-vertical-6"
        />
        <div
          className="mm-vertical"
          key="mm-vertical-7"
        />
        <div
          className="mm-vertical"
          key="mm-vertical-8"
        />
      </div>
      <div
        className="cm-vertical"
        key="cm-vertical-9"
      >
        <div
          className="mm-vertical"
          key="mm-vertical-0"
        />
        <div
          className="mm-vertical"
          key="mm-vertical-1"
        />
        <div
          className="mm-vertical"
          key="mm-vertical-2"
        />
        <div
          className="mm-vertical"
          key="mm-vertical-3"
        />
        <div
          className="mm-vertical"
          key="mm-vertical-4"
        />
        <div
          className="mm-vertical"
          key="mm-vertical-5"
        />
        <div
          className="mm-vertical"
          key="mm-vertical-6"
        />
        <div
          className="mm-vertical"
          key="mm-vertical-7"
        />
        <div
          className="mm-vertical"
          key="mm-vertical-8"
        />
      </div>
    </div>
    <div
      style={
        Object {
          "padding": 20,
        }
      }
    >
      test
    </div>
  </div>
</Ruler>
`;
