// Jest Snapshot v1, https://goo.gl/fbAQLP

exports[`Navigation render correctly 1`] = `
<div
  class="Navigation"
>
  <div
    class="content"
  >
    <div
      class="content-wrapper"
      style="width:300px"
    >
      浙江省水利综合门户
    </div>
    <div
      class="content-wrapper"
      style="width:300px"
    >
      <div
        class="content-time"
      >
        12:58:22
      </div>
    </div>
    <div
      class="content-wrapper"
    >
      <div
        class="content-time-detail"
      >
        2018-10-21
      </div>
      <div
        class="content-time-detail"
      >
        星期日
      </div>
    </div>
  </div>
  test
</div>
`;
