// Jest Snapshot v1, https://goo.gl/fbAQLP

exports[`Navigation render correctly 1`] = `
<div
  className="Navigation"
>
  <div
    className="content"
  >
    <div
      className="content-wrapper"
      style={
        Object {
          "width": 300,
        }
      }
    >
      浙江省水利综合门户
    </div>
    <div
      className="content-wrapper"
      style={
        Object {
          "width": 300,
        }
      }
    >
      <div
        className="content-time"
      />
    </div>
    <div
      className="content-wrapper"
      style={
        Object {
          "color": "#FFF",
          "float": "right",
          "marginRight": 20,
        }
      }
    >
      <Dropdown
        mouseEnterDelay={0.15}
        mouseLeaveDelay={0.1}
        overlay={
          <Menu
            className=""
            focusable={false}
            prefixCls="ant-menu"
            theme="light"
          />
        }
        placement="bottomLeft"
        prefixCls="ant-dropdown"
        trigger={
          Array [
            "hover",
            "click",
          ]
        }
      >
        <span
          className="droplink"
        >
          套餐切换
          <Icon
            type="down"
          />
        </span>
      </Dropdown>
    </div>
  </div>
  test
</div>
`;
